2026-04-19 22:24:07:247-INFO::Email Worker listo
2026-04-19 22:25:33:2533-INFO::Usuario admin@legaltech.com autenticado correctamente
2026-04-19 22:25:33:2533-INFO::Correo individual encolado para jmtbqa@protonmail.com
2026-04-19 22:25:38:2538-INFO::Email enviado a jmtbqa@protonmail.com - Job ID: 1
2026-04-19 22:26:41:2641-INFO::Usuario admin@legaltech.com autenticado correctamente
2026-04-19 22:26:57:2657-INFO::Usuario admin@legaltech.com autenticado correctamente
2026-04-19 22:26:57:2657-INFO::Auditoría registrada: LOGOUT en auth por admin@legaltech.com
2026-04-19 22:27:31:2731-INFO::Email Worker listo
2026-04-19 22:27:36:2736-INFO::Email Worker listo
2026-04-19 22:27:51:2751-INFO::Email Worker listo
2026-04-19 22:27:58:2758-INFO::Email Worker listo
2026-04-19 22:29:34:2934-INFO::Email Worker listo
2026-04-19 22:29:39:2939-INFO::Email Worker listo
2026-04-19 22:29:43:2943-INFO::Email Worker listo
2026-04-19 22:30:03:303-INFO::Email Worker listo
2026-04-19 22:30:10:3010-INFO::Email Worker listo
2026-04-19 22:30:16:3016-INFO::Usuario admin@legaltech.com autenticado correctamente
2026-04-19 22:30:30:3030-INFO::Usuario admin@legaltech.com autenticado correctamente
2026-04-19 22:31:09:319-INFO::Email Worker listo
2026-04-19 22:31:17:3117-INFO::Email Worker listo
2026-04-19 22:31:27:3127-INFO::Email Worker listo
2026-04-19 22:31:43:3143-INFO::Email Worker listo
2026-04-19 22:31:57:3157-INFO::Email Worker listo
2026-04-19 22:58:00:580-INFO::Email Worker listo
2026-04-19 22:58:08:588-INFO::Usuario admin@legaltech.com autenticado correctamente
2026-04-19 22:58:49:5849-INFO::Auditoría registrada: LOGIN en auth por admin@legaltech.com
2026-04-19 22:59:46:5946-INFO::Email Worker listo
2026-04-19 22:59:52:5952-INFO::Email Worker listo
2026-04-19 23:00:11:011-INFO::Email Worker listo
2026-04-19 23:00:22:022-INFO::Email Worker listo
2026-04-19 23:01:07:17-INFO::Email Worker listo
2026-04-19 23:01:17:117-INFO::Email Worker listo
2026-04-19 23:01:21:121-INFO::Usuario admin@legaltech.com autenticado correctamente
2026-04-19 23:01:21:121-INFO::Auditoría registrada: LOGOUT en auth por admin@legaltech.com
2026-04-19 23:01:49:149-INFO::Email Worker listo
2026-04-19 23:01:55:155-INFO::Email Worker listo
2026-04-19 23:02:22:222-INFO::Email Worker listo
2026-04-19 23:02:32:232-INFO::Email Worker listo
2026-04-19 23:02:46:246-INFO::Email Worker listo
2026-04-19 23:03:08:38-INFO::Email Worker listo
2026-04-19 23:03:14:314-INFO::Email Worker listo
2026-04-19 23:03:40:340-INFO::Email Worker listo
2026-04-19 23:03:58:358-INFO::Email Worker listo
2026-04-19 23:04:43:443-INFO::Email Worker listo
2026-04-19 23:04:52:452-INFO::Email Worker listo
